// Jest Snapshot v1, https://goo.gl/fbAQLP

exports[`should render EditExpensePage correctly 1`] = `
<div>
  <div
    className="page-header"
  >
    <div
      className="content-container"
    >
      <h1
        className="page-header__title"
      >
        Edit Expense
      </h1>
    </div>
  </div>
  <div
    className="content-container"
  >
    <ExpenseForm
      expense={
        Object {
          "amount": 100,
          "createdAt": 0,
          "description": "test expense 1",
          "id": "1",
          "note": "test note 1",
        }
      }
      onSubmit={[Function]}
    />
    <button
      className="button"
      onClick={[Function]}
    >
      Remove Expense
    </button>
  </div>
  <Component
    handleConfirmation={[Function]}
    isModalOpen={false}
  />
</div>
`;
