// Jest Snapshot v1, https://goo.gl/fbAQLP

exports[`should render an expense list item 1`] = `
<div>
  <Link
    replace={false}
    to="/edit/1"
  >
    <h3>
      test expense 1
    </h3>
  </Link>
  <p>
    $1.00
    -
    January 1st, 1970
  </p>
  <p>
    test note 1
  </p>
</div>
`;
