// Jest Snapshot v1, https://goo.gl/fbAQLP

exports[`should render ExpenseSummary with given expenses 1`] = `
<div>
  <h2>
    Viewing 
    3
     expenses totalling 
    $1.00
  </h2>
</div>
`;
