// Jest Snapshot v1, https://goo.gl/fbAQLP

exports[`should render ExpenseDashboardPage correctly 1`] = `
<div>
  Dashboard
  <Connect(ExpSummary) />
  <Connect(ExpenseListFilter) />
  <Connect(ExpList) />
</div>
`;
