// Jest Snapshot v1, https://goo.gl/fbAQLP

exports[`should render expenselist with empty message 1`] = `
<div>
  <p>
    No expenses
  </p>
</div>
`;

exports[`should render expenselist with given expenses 1`] = `
<div>
  <ExpenseListItem
    expense={
      Object {
        "amount": 100,
        "createdAt": 0,
        "description": "test expense 1",
        "id": "1",
      }
    }
    key="1"
  />
  <ExpenseListItem
    expense={
      Object {
        "amount": 200,
        "createdAt": -345600000,
        "description": "test expense 2",
        "id": "2",
      }
    }
    key="2"
  />
  <ExpenseListItem
    expense={
      Object {
        "amount": 300,
        "createdAt": 345600000,
        "description": "test expense 3",
        "id": "3",
      }
    }
    key="3"
  />
</div>
`;
